msbuild=C:\Program Files\Microsoft Visual Studio\18\Community\MSBuild\Current\Bin\MSBuild.exe
sln=D:\Projects\takeover-build\RTEA.sln
cmd=C:\Program Files\Microsoft Visual Studio\18\Community\MSBuild\Current\Bin\MSBuild.exe D:\Projects\takeover-build\RTEA.sln /t:RTEA /p:Configuration=Final /p:Platform=x64 /m /nologo /v:minimal
GNS_ROOT=D:\Projects\stage2_p2\gns_spike\install-win-vcpkg-release
GNS_DEP_ROOT=D:\Projects\stage2_p2\gns_spike\build-win-vcpkg-release\vcpkg_installed\x64-windows
CL=/MP6
cwd=D:\Projects\takeover-build


D:\Projects\takeover-build\RTEA.common.props(3,3): warning MSB4011: "C:\Program Files\Microsoft Visual Studio\18\Community\MSBuild\Microsoft\VC\v180\Microsoft.Cpp.Default.props" cannot be imported again. It was already imported at "D:\Projects\takeover-build\RTEA.vcxproj (61,3)". This is most likely a build authoring error. This subsequent import will be ignored. 
D:\Projects\takeover-build\RTEA.vcxproj(212,3): warning MSB4011: "D:\Projects\takeover-build\RTEA.common.props" cannot be imported again. It was already imported at "D:\Projects\takeover-build\RTEA.vcxproj (159,3)". This is most likely a build authoring error. This subsequent import will be ignored. 
D:\Projects\takeover-build\RTEA.vcxproj(266,3): warning MSB4011: "D:\Projects\takeover-build\RTEA.common.props" cannot be imported again. It was already imported at "D:\Projects\takeover-build\RTEA.vcxproj (159,3)". This is most likely a build authoring error. This subsequent import will be ignored. 
D:\Projects\takeover-build\RTEA.vcxproj(319,3): warning MSB4011: "D:\Projects\takeover-build\RTEA.common.props" cannot be imported again. It was already imported at "D:\Projects\takeover-build\RTEA.vcxproj (159,3)". This is most likely a build authoring error. This subsequent import will be ignored. 
D:\Projects\takeover-build\RTEA.vcxproj(373,3): warning MSB4011: "D:\Projects\takeover-build\RTEA.common.props" cannot be imported again. It was already imported at "D:\Projects\takeover-build\RTEA.vcxproj (159,3)". This is most likely a build authoring error. This subsequent import will be ignored. 
D:\Projects\takeover-build\RTEA.vcxproj(435,3): warning MSB4011: "D:\Projects\takeover-build\RTEA.common.props" cannot be imported again. It was already imported at "D:\Projects\takeover-build\RTEA.vcxproj (159,3)". This is most likely a build authoring error. This subsequent import will be ignored. 
D:\Projects\takeover-build\RTEA.vcxproj(497,3): warning MSB4011: "D:\Projects\takeover-build\RTEA.common.props" cannot be imported again. It was already imported at "D:\Projects\takeover-build\RTEA.vcxproj (159,3)". This is most likely a build authoring error. This subsequent import will be ignored. 
D:\Projects\takeover-build\RTEA.vcxproj(560,3): warning MSB4011: "D:\Projects\takeover-build\RTEA.common.props" cannot be imported again. It was already imported at "D:\Projects\takeover-build\RTEA.vcxproj (159,3)". This is most likely a build authoring error. This subsequent import will be ignored. 
D:\Projects\takeover-build\RTEA.vcxproj(623,3): warning MSB4011: "D:\Projects\takeover-build\RTEA.common.props" cannot be imported again. It was already imported at "D:\Projects\takeover-build\RTEA.vcxproj (159,3)". This is most likely a build authoring error. This subsequent import will be ignored. 
D:\Projects\takeover-build\RTEA.vcxproj(683,3): warning MSB4011: "D:\Projects\takeover-build\RTEA.common.props" cannot be imported again. It was already imported at "D:\Projects\takeover-build\RTEA.vcxproj (159,3)". This is most likely a build authoring error. This subsequent import will be ignored. 
  Prerequisites for building static lib
  luabind.vcxproj -> D:\Projects\takeover-build\external\sources\luabind-0.7.1\_Bin\luabind-release.lib
  allegro.vcxproj -> D:\Projects\takeover-build\external\sources\allegro 4.4.3.1-custom\_Bin\allegro-release.lib
  minilua.c
     Creating library minilua.lib and object minilua.exp
  buildvm.c
  buildvm_asm.c
  buildvm_fold.c
  buildvm_lib.c
  buildvm_peobj.c
     Creating library buildvm.lib and object buildvm.exp
  
  === Successfully complete pre-build job for Windows/x64 ===
  lib_base.c
  lib_bit.c
  lib_buffer.c
  lib_debug.c
  lib_ffi.c
  lib_io.c
  lib_jit.c
  lib_math.c
  lib_os.c
  lib_string.c
  lib_table.c
  lj_bc.c
  lj_crecord.c
  lj_dispatch.c
  lj_err.c
  lj_ffrecord.c
  lj_opt_fold.c
  lj_record.c
D:\Projects\takeover-build\external\sources\LuaJIT-2.1\src\lj_opt_fold.c(317,24): warning C4244: '=': conversion from 'int64_t' to 'int32_t', possible loss of data [D:\Projects\takeover-build\external\sources\LuaJIT-2.1\libluajit.vcxproj]
  libluajit.vcxproj -> D:\Projects\takeover-build\external\sources\LuaJIT-2.1\_Bin\luajit-release.lib
  Post build linking
  luajit.c
     Creating library luajit.lib and object luajit.exp
  
  === Successfully complete post-build job for Windows/ ===
  NetA7Journal.cpp
  LuaAdapters.cpp
  LuabindObjectWrapper.cpp
  LuaBindingsActivities.cpp
  LuaBindingsEntities.cpp
  LuaBindingsGUI.cpp
  LuaBindingsManagers.cpp
D:\Projects\takeover-build\external\sources\luabind-0.7.1\luabind\detail\call_function.hpp(266,7): warning C4297: 'luabind::detail::proxy_function_void_caller<boost::tuples::tuple<const int *,const luabind::adl::object *,boost::tuples::null_type,boost::tuples::null_type,boost::tuples::null_type,boost::tuples::null_type,boost::tuples::null_type,boost::tuples::null_type,boost::tuples::null_type,boost::tuples::null_type>>::~proxy_function_void_caller': function assumed not to throw an exception but does [D:\Projects\takeover-build\RTEA.vcxproj]
  (compiling source file 'Source/Lua/LuaAdapters.cpp')
      D:\Projects\takeover-build\external\sources\luabind-0.7.1\luabind\detail\call_function.hpp(266,7):
      destructor or deallocator has a (possibly implicit) non-throwing exception specification
      D:\Projects\takeover-build\external\sources\luabind-0.7.1\luabind\detail\call_function.hpp(266,7):
      the template instantiation context (the oldest one first) is
          D:\Projects\takeover-build\Source\Lua\LuaAdapters.cpp(302,12):
          see reference to class template instantiation 'luabind::detail::proxy_function_void_caller<boost::tuples::tuple<const int *,const luabind::adl::object *,boost::tuples::null_type,boost::tuples::null_type,boost::tuples::null_type,boost::tuples::null_type,boost::tuples::null_type,boost::tuples::null_type,boost::tuples::null_type,boost::tuples::null_type>>' being compiled
          D:\Projects\takeover-build\external\sources\luabind-0.7.1\luabind\detail\call_function.hpp(252,6):
          while compiling class template member function 'luabind::detail::proxy_function_void_caller<boost::tuples::tuple<const int *,const luabind::adl::object *,boost::tuples::null_type,boost::tuples::null_type,boost::tuples::null_type,boost::tuples::null_type,boost::tuples::null_type,boost::tuples::null_type,boost::tuples::null_type,boost::tuples::null_type>>::~proxy_function_void_caller(void)'
              D:\Projects\takeover-build\Source\Lua\LuaAdapters.cpp(302,31):
              see the first reference to 'luabind::detail::proxy_function_void_caller<boost::tuples::tuple<const int *,const luabind::adl::object *,boost::tuples::null_type,boost::tuples::null_type,boost::tuples::null_type,boost::tuples::null_type,boost::tuples::null_type,boost::tuples::null_type,boost::tuples::null_type,boost::tuples::null_type>>::~proxy_function_void_caller' in 'RTE::LuaAdaptersScene::CalculatePathAsync'
  
  LuaBindingsMisc.cpp
  LuaBindingsInput.cpp
  LuaBindingsPrimitives.cpp
  LuaBindingsSystem.cpp
  LuaMan.cpp
  LuaThreadCodec.cpp
D:\Projects\takeover-build\Source\Managers\LuaMan.cpp(3570,23): error C2888: 'bool RTE::LuaStateWrapper::HasNativeAliases(const std::unordered_set<const void *,std::hash<const void *>,std::equal_to<const void *>,std::allocator<const void *>> &)': symbol cannot be defined within namespace 'anonymous-namespace' [D:\Projects\takeover-build\RTEA.vcxproj]
D:\Projects\takeover-build\Source\Managers\LuaMan.cpp(3598,23): error C2888: 'bool RTE::LuaStateWrapper::RekeyScriptObjects(const std::vector<std::pair<const RTE::MovableObject *,long>,std::allocator<std::pair<const RTE::MovableObject *,long>>> &,bool)': symbol cannot be defined within namespace 'anonymous-namespace' [D:\Projects\takeover-build\RTEA.vcxproj]
