[determinism-check] binary  : /Users/erol/projects/cccp/cortex-modern/./builddir/CortexCommand
[determinism-check] scenario: M4ThreadStress
[determinism-check] ticks   : 900
[determinism-check] seed    : 42
[determinism-check] mode    : thread-count matrix
[determinism-check] threads : 8  (x30 runs each = 30 total)
[determinism-check] tmp dir : /var/folders/yg/vb32p_cs221f9xv6gwvxj3br0000gn/T/cccp-determinism-1780680109382780-0
[determinism-check] run 1/30 (threads=8): /Users/erol/projects/cccp/cortex-modern/./builddir/CortexCommand -scenario M4ThreadStress -seed 42 -max-ticks 900 -tick-hashes -num-lua-states 8 -out /var/folders/yg/vb32p_cs221f9xv6gwvxj3br0000gn/T/cccp-determinism-1780680109382780-0/run_t8_0.json
GLAD: ERROR 1280 in glGetIntegerv!
[scenario] wrote report: /var/folders/yg/vb32p_cs221f9xv6gwvxj3br0000gn/T/cccp-determinism-1780680109382780-0/run_t8_0.json
[scenario] M4ThreadStress passed=yes ticks=899
[determinism-check] run 2/30 (threads=8): /Users/erol/projects/cccp/cortex-modern/./builddir/CortexCommand -scenario M4ThreadStress -seed 42 -max-ticks 900 -tick-hashes -num-lua-states 8 -out /var/folders/yg/vb32p_cs221f9xv6gwvxj3br0000gn/T/cccp-determinism-1780680109382780-0/run_t8_1.json
GLAD: ERROR 1280 in glGetIntegerv!
[scenario] wrote report: /var/folders/yg/vb32p_cs221f9xv6gwvxj3br0000gn/T/cccp-determinism-1780680109382780-0/run_t8_1.json
[scenario] M4ThreadStress passed=yes ticks=899
[determinism-check] run 3/30 (threads=8): /Users/erol/projects/cccp/cortex-modern/./builddir/CortexCommand -scenario M4ThreadStress -seed 42 -max-ticks 900 -tick-hashes -num-lua-states 8 -out /var/folders/yg/vb32p_cs221f9xv6gwvxj3br0000gn/T/cccp-determinism-1780680109382780-0/run_t8_2.json
GLAD: ERROR 1280 in glGetIntegerv!
[scenario] wrote report: /var/folders/yg/vb32p_cs221f9xv6gwvxj3br0000gn/T/cccp-determinism-1780680109382780-0/run_t8_2.json
[scenario] M4ThreadStress passed=yes ticks=899
[determinism-check] run 4/30 (threads=8): /Users/erol/projects/cccp/cortex-modern/./builddir/CortexCommand -scenario M4ThreadStress -seed 42 -max-ticks 900 -tick-hashes -num-lua-states 8 -out /var/folders/yg/vb32p_cs221f9xv6gwvxj3br0000gn/T/cccp-determinism-1780680109382780-0/run_t8_3.json
GLAD: ERROR 1280 in glGetIntegerv!
[scenario] wrote report: /var/folders/yg/vb32p_cs221f9xv6gwvxj3br0000gn/T/cccp-determinism-1780680109382780-0/run_t8_3.json
[scenario] M4ThreadStress passed=yes ticks=899
[determinism-check] run 5/30 (threads=8): /Users/erol/projects/cccp/cortex-modern/./builddir/CortexCommand -scenario M4ThreadStress -seed 42 -max-ticks 900 -tick-hashes -num-lua-states 8 -out /var/folders/yg/vb32p_cs221f9xv6gwvxj3br0000gn/T/cccp-determinism-1780680109382780-0/run_t8_4.json
GLAD: ERROR 1280 in glGetIntegerv!
[scenario] wrote report: /var/folders/yg/vb32p_cs221f9xv6gwvxj3br0000gn/T/cccp-determinism-1780680109382780-0/run_t8_4.json
[scenario] M4ThreadStress passed=yes ticks=899
[determinism-check] run 6/30 (threads=8): /Users/erol/projects/cccp/cortex-modern/./builddir/CortexCommand -scenario M4ThreadStress -seed 42 -max-ticks 900 -tick-hashes -num-lua-states 8 -out /var/folders/yg/vb32p_cs221f9xv6gwvxj3br0000gn/T/cccp-determinism-1780680109382780-0/run_t8_5.json
GLAD: ERROR 1280 in glGetIntegerv!
[scenario] wrote report: /var/folders/yg/vb32p_cs221f9xv6gwvxj3br0000gn/T/cccp-determinism-1780680109382780-0/run_t8_5.json
[scenario] M4ThreadStress passed=yes ticks=899
[determinism-check] run 7/30 (threads=8): /Users/erol/projects/cccp/cortex-modern/./builddir/CortexCommand -scenario M4ThreadStress -seed 42 -max-ticks 900 -tick-hashes -num-lua-states 8 -out /var/folders/yg/vb32p_cs221f9xv6gwvxj3br0000gn/T/cccp-determinism-1780680109382780-0/run_t8_6.json
GLAD: ERROR 1280 in glGetIntegerv!
[scenario] wrote report: /var/folders/yg/vb32p_cs221f9xv6gwvxj3br0000gn/T/cccp-determinism-1780680109382780-0/run_t8_6.json
[scenario] M4ThreadStress passed=yes ticks=899
[determinism-check] run 8/30 (threads=8): /Users/erol/projects/cccp/cortex-modern/./builddir/CortexCommand -scenario M4ThreadStress -seed 42 -max-ticks 900 -tick-hashes -num-lua-states 8 -out /var/folders/yg/vb32p_cs221f9xv6gwvxj3br0000gn/T/cccp-determinism-1780680109382780-0/run_t8_7.json
GLAD: ERROR 1280 in glGetIntegerv!
[scenario] wrote report: /var/folders/yg/vb32p_cs221f9xv6gwvxj3br0000gn/T/cccp-determinism-1780680109382780-0/run_t8_7.json
[scenario] M4ThreadStress passed=yes ticks=899
[determinism-check] run 9/30 (threads=8): /Users/erol/projects/cccp/cortex-modern/./builddir/CortexCommand -scenario M4ThreadStress -seed 42 -max-ticks 900 -tick-hashes -num-lua-states 8 -out /var/folders/yg/vb32p_cs221f9xv6gwvxj3br0000gn/T/cccp-determinism-1780680109382780-0/run_t8_8.json
GLAD: ERROR 1280 in glGetIntegerv!
[scenario] wrote report: /var/folders/yg/vb32p_cs221f9xv6gwvxj3br0000gn/T/cccp-determinism-1780680109382780-0/run_t8_8.json
[scenario] M4ThreadStress passed=yes ticks=899
[determinism-check] run 10/30 (threads=8): /Users/erol/projects/cccp/cortex-modern/./builddir/CortexCommand -scenario M4ThreadStress -seed 42 -max-ticks 900 -tick-hashes -num-lua-states 8 -out /var/folders/yg/vb32p_cs221f9xv6gwvxj3br0000gn/T/cccp-determinism-1780680109382780-0/run_t8_9.json
GLAD: ERROR 1280 in glGetIntegerv!
[scenario] wrote report: /var/folders/yg/vb32p_cs221f9xv6gwvxj3br0000gn/T/cccp-determinism-1780680109382780-0/run_t8_9.json
[scenario] M4ThreadStress passed=yes ticks=899
[determinism-check] run 11/30 (threads=8): /Users/erol/projects/cccp/cortex-modern/./builddir/CortexCommand -scenario M4ThreadStress -seed 42 -max-ticks 900 -tick-hashes -num-lua-states 8 -out /var/folders/yg/vb32p_cs221f9xv6gwvxj3br0000gn/T/cccp-determinism-1780680109382780-0/run_t8_10.json
GLAD: ERROR 1280 in glGetIntegerv!
[scenario] wrote report: /var/folders/yg/vb32p_cs221f9xv6gwvxj3br0000gn/T/cccp-determinism-1780680109382780-0/run_t8_10.json
[scenario] M4ThreadStress passed=yes ticks=899
[determinism-check] run 12/30 (threads=8): /Users/erol/projects/cccp/cortex-modern/./builddir/CortexCommand -scenario M4ThreadStress -seed 42 -max-ticks 900 -tick-hashes -num-lua-states 8 -out /var/folders/yg/vb32p_cs221f9xv6gwvxj3br0000gn/T/cccp-determinism-1780680109382780-0/run_t8_11.json
GLAD: ERROR 1280 in glGetIntegerv!
[scenario] wrote report: /var/folders/yg/vb32p_cs221f9xv6gwvxj3br0000gn/T/cccp-determinism-1780680109382780-0/run_t8_11.json
[scenario] M4ThreadStress passed=yes ticks=899
[determinism-check] run 13/30 (threads=8): /Users/erol/projects/cccp/cortex-modern/./builddir/CortexCommand -scenario M4ThreadStress -seed 42 -max-ticks 900 -tick-hashes -num-lua-states 8 -out /var/folders/yg/vb32p_cs221f9xv6gwvxj3br0000gn/T/cccp-determinism-1780680109382780-0/run_t8_12.json
GLAD: ERROR 1280 in glGetIntegerv!
[scenario] wrote report: /var/folders/yg/vb32p_cs221f9xv6gwvxj3br0000gn/T/cccp-determinism-1780680109382780-0/run_t8_12.json
[scenario] M4ThreadStress passed=yes ticks=899
[determinism-check] run 14/30 (threads=8): /Users/erol/projects/cccp/cortex-modern/./builddir/CortexCommand -scenario M4ThreadStress -seed 42 -max-ticks 900 -tick-hashes -num-lua-states 8 -out /var/folders/yg/vb32p_cs221f9xv6gwvxj3br0000gn/T/cccp-determinism-1780680109382780-0/run_t8_13.json
GLAD: ERROR 1280 in glGetIntegerv!
[scenario] wrote report: /var/folders/yg/vb32p_cs221f9xv6gwvxj3br0000gn/T/cccp-determinism-1780680109382780-0/run_t8_13.json
[scenario] M4ThreadStress passed=yes ticks=899
[determinism-check] run 15/30 (threads=8): /Users/erol/projects/cccp/cortex-modern/./builddir/CortexCommand -scenario M4ThreadStress -seed 42 -max-ticks 900 -tick-hashes -num-lua-states 8 -out /var/folders/yg/vb32p_cs221f9xv6gwvxj3br0000gn/T/cccp-determinism-1780680109382780-0/run_t8_14.json
GLAD: ERROR 1280 in glGetIntegerv!
[scenario] wrote report: /var/folders/yg/vb32p_cs221f9xv6gwvxj3br0000gn/T/cccp-determinism-1780680109382780-0/run_t8_14.json
[scenario] M4ThreadStress passed=yes ticks=899
[determinism-check] run 16/30 (threads=8): /Users/erol/projects/cccp/cortex-modern/./builddir/CortexCommand -scenario M4ThreadStress -seed 42 -max-ticks 900 -tick-hashes -num-lua-states 8 -out /var/folders/yg/vb32p_cs221f9xv6gwvxj3br0000gn/T/cccp-determinism-1780680109382780-0/run_t8_15.json
GLAD: ERROR 1280 in glGetIntegerv!
[scenario] wrote report: /var/folders/yg/vb32p_cs221f9xv6gwvxj3br0000gn/T/cccp-determinism-1780680109382780-0/run_t8_15.json
[scenario] M4ThreadStress passed=yes ticks=899
[determinism-check] run 17/30 (threads=8): /Users/erol/projects/cccp/cortex-modern/./builddir/CortexCommand -scenario M4ThreadStress -seed 42 -max-ticks 900 -tick-hashes -num-lua-states 8 -out /var/folders/yg/vb32p_cs221f9xv6gwvxj3br0000gn/T/cccp-determinism-1780680109382780-0/run_t8_16.json
GLAD: ERROR 1280 in glGetIntegerv!
[scenario] wrote report: /var/folders/yg/vb32p_cs221f9xv6gwvxj3br0000gn/T/cccp-determinism-1780680109382780-0/run_t8_16.json
[scenario] M4ThreadStress passed=yes ticks=899
[determinism-check] run 18/30 (threads=8): /Users/erol/projects/cccp/cortex-modern/./builddir/CortexCommand -scenario M4ThreadStress -seed 42 -max-ticks 900 -tick-hashes -num-lua-states 8 -out /var/folders/yg/vb32p_cs221f9xv6gwvxj3br0000gn/T/cccp-determinism-1780680109382780-0/run_t8_17.json
GLAD: ERROR 1280 in glGetIntegerv!
[scenario] wrote report: /var/folders/yg/vb32p_cs221f9xv6gwvxj3br0000gn/T/cccp-determinism-1780680109382780-0/run_t8_17.json
[scenario] M4ThreadStress passed=yes ticks=899
[determinism-check] run 19/30 (threads=8): /Users/erol/projects/cccp/cortex-modern/./builddir/CortexCommand -scenario M4ThreadStress -seed 42 -max-ticks 900 -tick-hashes -num-lua-states 8 -out /var/folders/yg/vb32p_cs221f9xv6gwvxj3br0000gn/T/cccp-determinism-1780680109382780-0/run_t8_18.json
GLAD: ERROR 1280 in glGetIntegerv!
[scenario] wrote report: /var/folders/yg/vb32p_cs221f9xv6gwvxj3br0000gn/T/cccp-determinism-1780680109382780-0/run_t8_18.json
[scenario] M4ThreadStress passed=yes ticks=899
[determinism-check] run 20/30 (threads=8): /Users/erol/projects/cccp/cortex-modern/./builddir/CortexCommand -scenario M4ThreadStress -seed 42 -max-ticks 900 -tick-hashes -num-lua-states 8 -out /var/folders/yg/vb32p_cs221f9xv6gwvxj3br0000gn/T/cccp-determinism-1780680109382780-0/run_t8_19.json
GLAD: ERROR 1280 in glGetIntegerv!
[scenario] wrote report: /var/folders/yg/vb32p_cs221f9xv6gwvxj3br0000gn/T/cccp-determinism-1780680109382780-0/run_t8_19.json
[scenario] M4ThreadStress passed=yes ticks=899
[determinism-check] run 21/30 (threads=8): /Users/erol/projects/cccp/cortex-modern/./builddir/CortexCommand -scenario M4ThreadStress -seed 42 -max-ticks 900 -tick-hashes -num-lua-states 8 -out /var/folders/yg/vb32p_cs221f9xv6gwvxj3br0000gn/T/cccp-determinism-1780680109382780-0/run_t8_20.json
GLAD: ERROR 1280 in glGetIntegerv!
[scenario] wrote report: /var/folders/yg/vb32p_cs221f9xv6gwvxj3br0000gn/T/cccp-determinism-1780680109382780-0/run_t8_20.json
[scenario] M4ThreadStress passed=yes ticks=899
[determinism-check] run 22/30 (threads=8): /Users/erol/projects/cccp/cortex-modern/./builddir/CortexCommand -scenario M4ThreadStress -seed 42 -max-ticks 900 -tick-hashes -num-lua-states 8 -out /var/folders/yg/vb32p_cs221f9xv6gwvxj3br0000gn/T/cccp-determinism-1780680109382780-0/run_t8_21.json
GLAD: ERROR 1280 in glGetIntegerv!
[scenario] wrote report: /var/folders/yg/vb32p_cs221f9xv6gwvxj3br0000gn/T/cccp-determinism-1780680109382780-0/run_t8_21.json
[scenario] M4ThreadStress passed=yes ticks=899
[determinism-check] run 23/30 (threads=8): /Users/erol/projects/cccp/cortex-modern/./builddir/CortexCommand -scenario M4ThreadStress -seed 42 -max-ticks 900 -tick-hashes -num-lua-states 8 -out /var/folders/yg/vb32p_cs221f9xv6gwvxj3br0000gn/T/cccp-determinism-1780680109382780-0/run_t8_22.json
GLAD: ERROR 1280 in glGetIntegerv!
[scenario] wrote report: /var/folders/yg/vb32p_cs221f9xv6gwvxj3br0000gn/T/cccp-determinism-1780680109382780-0/run_t8_22.json
[scenario] M4ThreadStress passed=yes ticks=899
[determinism-check] run 24/30 (threads=8): /Users/erol/projects/cccp/cortex-modern/./builddir/CortexCommand -scenario M4ThreadStress -seed 42 -max-ticks 900 -tick-hashes -num-lua-states 8 -out /var/folders/yg/vb32p_cs221f9xv6gwvxj3br0000gn/T/cccp-determinism-1780680109382780-0/run_t8_23.json
GLAD: ERROR 1280 in glGetIntegerv!
[scenario] wrote report: /var/folders/yg/vb32p_cs221f9xv6gwvxj3br0000gn/T/cccp-determinism-1780680109382780-0/run_t8_23.json
[scenario] M4ThreadStress passed=yes ticks=899
[determinism-check] run 25/30 (threads=8): /Users/erol/projects/cccp/cortex-modern/./builddir/CortexCommand -scenario M4ThreadStress -seed 42 -max-ticks 900 -tick-hashes -num-lua-states 8 -out /var/folders/yg/vb32p_cs221f9xv6gwvxj3br0000gn/T/cccp-determinism-1780680109382780-0/run_t8_24.json
GLAD: ERROR 1280 in glGetIntegerv!
[scenario] wrote report: /var/folders/yg/vb32p_cs221f9xv6gwvxj3br0000gn/T/cccp-determinism-1780680109382780-0/run_t8_24.json
[scenario] M4ThreadStress passed=yes ticks=899
[determinism-check] run 26/30 (threads=8): /Users/erol/projects/cccp/cortex-modern/./builddir/CortexCommand -scenario M4ThreadStress -seed 42 -max-ticks 900 -tick-hashes -num-lua-states 8 -out /var/folders/yg/vb32p_cs221f9xv6gwvxj3br0000gn/T/cccp-determinism-1780680109382780-0/run_t8_25.json
GLAD: ERROR 1280 in glGetIntegerv!
[scenario] wrote report: /var/folders/yg/vb32p_cs221f9xv6gwvxj3br0000gn/T/cccp-determinism-1780680109382780-0/run_t8_25.json
[scenario] M4ThreadStress passed=yes ticks=899
[determinism-check] run 27/30 (threads=8): /Users/erol/projects/cccp/cortex-modern/./builddir/CortexCommand -scenario M4ThreadStress -seed 42 -max-ticks 900 -tick-hashes -num-lua-states 8 -out /var/folders/yg/vb32p_cs221f9xv6gwvxj3br0000gn/T/cccp-determinism-1780680109382780-0/run_t8_26.json
GLAD: ERROR 1280 in glGetIntegerv!
[scenario] wrote report: /var/folders/yg/vb32p_cs221f9xv6gwvxj3br0000gn/T/cccp-determinism-1780680109382780-0/run_t8_26.json
[scenario] M4ThreadStress passed=yes ticks=899
[determinism-check] run 28/30 (threads=8): /Users/erol/projects/cccp/cortex-modern/./builddir/CortexCommand -scenario M4ThreadStress -seed 42 -max-ticks 900 -tick-hashes -num-lua-states 8 -out /var/folders/yg/vb32p_cs221f9xv6gwvxj3br0000gn/T/cccp-determinism-1780680109382780-0/run_t8_27.json
GLAD: ERROR 1280 in glGetIntegerv!
[scenario] wrote report: /var/folders/yg/vb32p_cs221f9xv6gwvxj3br0000gn/T/cccp-determinism-1780680109382780-0/run_t8_27.json
[scenario] M4ThreadStress passed=yes ticks=899
[determinism-check] run 29/30 (threads=8): /Users/erol/projects/cccp/cortex-modern/./builddir/CortexCommand -scenario M4ThreadStress -seed 42 -max-ticks 900 -tick-hashes -num-lua-states 8 -out /var/folders/yg/vb32p_cs221f9xv6gwvxj3br0000gn/T/cccp-determinism-1780680109382780-0/run_t8_28.json
GLAD: ERROR 1280 in glGetIntegerv!
[scenario] wrote report: /var/folders/yg/vb32p_cs221f9xv6gwvxj3br0000gn/T/cccp-determinism-1780680109382780-0/run_t8_28.json
[scenario] M4ThreadStress passed=yes ticks=899
[determinism-check] run 30/30 (threads=8): /Users/erol/projects/cccp/cortex-modern/./builddir/CortexCommand -scenario M4ThreadStress -seed 42 -max-ticks 900 -tick-hashes -num-lua-states 8 -out /var/folders/yg/vb32p_cs221f9xv6gwvxj3br0000gn/T/cccp-determinism-1780680109382780-0/run_t8_29.json
GLAD: ERROR 1280 in glGetIntegerv!
[scenario] wrote report: /var/folders/yg/vb32p_cs221f9xv6gwvxj3br0000gn/T/cccp-determinism-1780680109382780-0/run_t8_29.json
[scenario] M4ThreadStress passed=yes ticks=899

[determinism-check] wrote report: verify-work/det/soak_M4ThreadStress_th8.json
[determinism-check] RESULT: MATCHED (900 ticks across 30 runs at thread counts 8)
