2026-09-10T23:36:48 added Inbound D:\Projects\reviews\recovery-2026-09-07\activity-startup-cbb35bb6\Cortex Command.exe
2026-09-10T23:36:48 added Outbound D:\Projects\reviews\recovery-2026-09-07\activity-startup-cbb35bb6\Cortex Command.exe
2026-09-10T23:36:48 added Inbound D:\Projects\reviews\recovery-2026-09-07\binding-errors-b5b61819\Cortex Command.exe
2026-09-10T23:36:48 added Outbound D:\Projects\reviews\recovery-2026-09-07\binding-errors-b5b61819\Cortex Command.exe
2026-09-10T23:36:48 added Inbound D:\Projects\reviews\recovery-2026-09-07\contract-audit\Cortex Command.exe
2026-09-10T23:36:48 added Outbound D:\Projects\reviews\recovery-2026-09-07\contract-audit\Cortex Command.exe
2026-09-10T23:36:48 added Inbound D:\Projects\reviews\recovery-2026-09-07\global-callbacks-2e0d53de\Cortex Command.exe
2026-09-10T23:36:49 added Outbound D:\Projects\reviews\recovery-2026-09-07\global-callbacks-2e0d53de\Cortex Command.exe
2026-09-10T23:36:49 added Inbound D:\Projects\reviews\recovery-2026-09-07\purge-before-debug-1\Cortex Command.exe
2026-09-10T23:36:49 added Outbound D:\Projects\reviews\recovery-2026-09-07\purge-before-debug-1\Cortex Command.exe
2026-09-10T23:36:49 added Inbound D:\Projects\reviews\recovery-2026-09-07\save-callbacks-e0e5dc23\Cortex Command.exe
2026-09-10T23:36:49 added Outbound D:\Projects\reviews\recovery-2026-09-07\save-callbacks-e0e5dc23\Cortex Command.exe
2026-09-10T23:36:49 added Inbound D:\Projects\reviews\recovery-2026-09-07\sound-ready-ecf08c42\Cortex Command.exe
2026-09-10T23:36:49 added Outbound D:\Projects\reviews\recovery-2026-09-07\sound-ready-ecf08c42\Cortex Command.exe
2026-09-10T23:36:49 added Inbound D:\Projects\reviews\recovery-2026-09-07\starting-state\Cortex Command.exe
2026-09-10T23:36:49 added Outbound D:\Projects\reviews\recovery-2026-09-07\starting-state\Cortex Command.exe
2026-09-10T23:36:49 added Inbound D:\Projects\reviews\takeover-20260909\activity-allocation-control-build\Cortex Command.exe
2026-09-10T23:36:49 added Outbound D:\Projects\reviews\takeover-20260909\activity-allocation-control-build\Cortex Command.exe
2026-09-10T23:36:49 added Inbound D:\Projects\reviews\takeover-20260909\activity-control-build\Cortex Command.exe
2026-09-10T23:36:49 added Outbound D:\Projects\reviews\takeover-20260909\activity-control-build\Cortex Command.exe
2026-09-10T23:36:49 added Inbound D:\Projects\reviews\takeover-20260909\activity-final-fixed-build\Cortex Command.exe
2026-09-10T23:36:49 added Outbound D:\Projects\reviews\takeover-20260909\activity-final-fixed-build\Cortex Command.exe
2026-09-10T23:36:49 added Inbound D:\Projects\reviews\takeover-20260909\activity-fixed-build\Cortex Command.exe
2026-09-10T23:36:49 added Outbound D:\Projects\reviews\takeover-20260909\activity-fixed-build\Cortex Command.exe
2026-09-10T23:36:49 added Inbound D:\Projects\reviews\takeover-20260909\activity-pool-fixed-build\Cortex Command.exe
2026-09-10T23:36:49 added Outbound D:\Projects\reviews\takeover-20260909\activity-pool-fixed-build\Cortex Command.exe
2026-09-10T23:36:49 added Inbound D:\Projects\reviews\takeover-20260909\activity-prepared-fixed-build\Cortex Command.exe
2026-09-10T23:36:49 added Outbound D:\Projects\reviews\takeover-20260909\activity-prepared-fixed-build\Cortex Command.exe
2026-09-10T23:36:49 added Inbound D:\Projects\reviews\takeover-20260909\activity-rejection-control-build\Cortex Command.exe
2026-09-10T23:36:49 added Outbound D:\Projects\reviews\takeover-20260909\activity-rejection-control-build\Cortex Command.exe
2026-09-10T23:36:49 added Inbound D:\Projects\reviews\takeover-20260909\codec-admission-control-build\Cortex Command.exe
2026-09-10T23:36:49 added Outbound D:\Projects\reviews\takeover-20260909\codec-admission-control-build\Cortex Command.exe
2026-09-10T23:36:49 added Inbound D:\Projects\reviews\takeover-20260909\codec-admission-control-fixedfixture-build\Cortex Command.exe
2026-09-10T23:36:50 added Outbound D:\Projects\reviews\takeover-20260909\codec-admission-control-fixedfixture-build\Cortex Command.exe
2026-09-10T23:36:50 added Inbound D:\Projects\reviews\takeover-20260909\codec-admission-fixed-build\Cortex Command.exe
2026-09-10T23:36:50 added Outbound D:\Projects\reviews\takeover-20260909\codec-admission-fixed-build\Cortex Command.exe
2026-09-10T23:36:50 added Inbound D:\Projects\reviews\takeover-20260909\lobby-frame-barrier-build\Cortex Command.exe
2026-09-10T23:36:50 added Outbound D:\Projects\reviews\takeover-20260909\lobby-frame-barrier-build\Cortex Command.exe
2026-09-10T23:36:50 added Inbound D:\Projects\reviews\takeover-20260909\transport-control-build\Cortex Command.exe
2026-09-10T23:36:50 added Outbound D:\Projects\reviews\takeover-20260909\transport-control-build\Cortex Command.exe
2026-09-10T23:36:50 added Inbound D:\Projects\reviews\recovery-2026-09-07\contract-audit\grouped-build-04ff80f3\Cortex Command.exe
2026-09-10T23:36:50 added Outbound D:\Projects\reviews\recovery-2026-09-07\contract-audit\grouped-build-04ff80f3\Cortex Command.exe
2026-09-10T23:36:50 added Inbound D:\Projects\reviews\recovery-2026-09-07\contract-audit\grouped-build-0e0c708d\Cortex Command.exe
2026-09-10T23:36:50 added Outbound D:\Projects\reviews\recovery-2026-09-07\contract-audit\grouped-build-0e0c708d\Cortex Command.exe
2026-09-10T23:36:50 added Inbound D:\Projects\reviews\recovery-2026-09-07\contract-audit\grouped-build-104755b4\Cortex Command.exe
2026-09-10T23:36:50 added Outbound D:\Projects\reviews\recovery-2026-09-07\contract-audit\grouped-build-104755b4\Cortex Command.exe
2026-09-10T23:36:50 added Inbound D:\Projects\reviews\recovery-2026-09-07\contract-audit\grouped-build-171bba77\Cortex Command.exe
2026-09-10T23:36:50 added Outbound D:\Projects\reviews\recovery-2026-09-07\contract-audit\grouped-build-171bba77\Cortex Command.exe
2026-09-10T23:36:50 added Inbound D:\Projects\reviews\recovery-2026-09-07\contract-audit\grouped-build-1a6ae766\Cortex Command.exe
2026-09-10T23:36:50 added Outbound D:\Projects\reviews\recovery-2026-09-07\contract-audit\grouped-build-1a6ae766\Cortex Command.exe
2026-09-10T23:36:50 added Inbound D:\Projects\reviews\recovery-2026-09-07\contract-audit\grouped-build-1b322f19\Cortex Command.exe
2026-09-10T23:36:50 added Outbound D:\Projects\reviews\recovery-2026-09-07\contract-audit\grouped-build-1b322f19\Cortex Command.exe
2026-09-10T23:36:50 added Inbound D:\Projects\reviews\recovery-2026-09-07\contract-audit\grouped-build-1c0550be\Cortex Command.exe
2026-09-10T23:36:50 added Outbound D:\Projects\reviews\recovery-2026-09-07\contract-audit\grouped-build-1c0550be\Cortex Command.exe
2026-09-10T23:36:50 added Inbound D:\Projects\reviews\recovery-2026-09-07\contract-audit\grouped-build-1e9c3a2c\Cortex Command.exe
2026-09-10T23:36:50 added Outbound D:\Projects\reviews\recovery-2026-09-07\contract-audit\grouped-build-1e9c3a2c\Cortex Command.exe
2026-09-10T23:36:51 added Inbound D:\Projects\reviews\recovery-2026-09-07\contract-audit\grouped-build-2951d7e2\Cortex Command.exe
2026-09-10T23:36:51 added Outbound D:\Projects\reviews\recovery-2026-09-07\contract-audit\grouped-build-2951d7e2\Cortex Command.exe
2026-09-10T23:36:51 added Inbound D:\Projects\reviews\recovery-2026-09-07\contract-audit\grouped-build-2d823102\Cortex Command.exe
2026-09-10T23:36:51 added Outbound D:\Projects\reviews\recovery-2026-09-07\contract-audit\grouped-build-2d823102\Cortex Command.exe
2026-09-10T23:36:51 added Inbound D:\Projects\reviews\recovery-2026-09-07\contract-audit\grouped-build-2e6c9040\Cortex Command.exe
2026-09-10T23:36:51 added Outbound D:\Projects\reviews\recovery-2026-09-07\contract-audit\grouped-build-2e6c9040\Cortex Command.exe
2026-09-10T23:36:51 added Inbound D:\Projects\reviews\recovery-2026-09-07\contract-audit\grouped-build-34e3c453\Cortex Command.exe
2026-09-10T23:36:51 added Outbound D:\Projects\reviews\recovery-2026-09-07\contract-audit\grouped-build-34e3c453\Cortex Command.exe
2026-09-10T23:36:51 added Inbound D:\Projects\reviews\recovery-2026-09-07\contract-audit\grouped-build-3bcf26aa\Cortex Command.exe
2026-09-10T23:36:51 added Outbound D:\Projects\reviews\recovery-2026-09-07\contract-audit\grouped-build-3bcf26aa\Cortex Command.exe
2026-09-10T23:36:51 added Inbound D:\Projects\reviews\recovery-2026-09-07\contract-audit\grouped-build-4244e87e\Cortex Command.exe
2026-09-10T23:36:51 added Outbound D:\Projects\reviews\recovery-2026-09-07\contract-audit\grouped-build-4244e87e\Cortex Command.exe
2026-09-10T23:36:51 added Inbound D:\Projects\reviews\recovery-2026-09-07\contract-audit\grouped-build-42f842e9\Cortex Command.exe
2026-09-10T23:36:51 added Outbound D:\Projects\reviews\recovery-2026-09-07\contract-audit\grouped-build-42f842e9\Cortex Command.exe
2026-09-10T23:36:51 added Inbound D:\Projects\reviews\recovery-2026-09-07\contract-audit\grouped-build-5c12e69d\Cortex Command.exe
2026-09-10T23:36:51 added Outbound D:\Projects\reviews\recovery-2026-09-07\contract-audit\grouped-build-5c12e69d\Cortex Command.exe
2026-09-10T23:36:51 added Inbound D:\Projects\reviews\recovery-2026-09-07\contract-audit\grouped-build-5ee60605\Cortex Command.exe
2026-09-10T23:36:51 added Outbound D:\Projects\reviews\recovery-2026-09-07\contract-audit\grouped-build-5ee60605\Cortex Command.exe
2026-09-10T23:36:51 added Inbound D:\Projects\reviews\recovery-2026-09-07\contract-audit\grouped-build-654103bf\Cortex Command.exe
2026-09-10T23:36:51 added Outbound D:\Projects\reviews\recovery-2026-09-07\contract-audit\grouped-build-654103bf\Cortex Command.exe
2026-09-10T23:36:51 added Inbound D:\Projects\reviews\recovery-2026-09-07\contract-audit\grouped-build-65730f25\Cortex Command.exe
2026-09-10T23:36:51 added Outbound D:\Projects\reviews\recovery-2026-09-07\contract-audit\grouped-build-65730f25\Cortex Command.exe
2026-09-10T23:36:51 added Inbound D:\Projects\reviews\recovery-2026-09-07\contract-audit\grouped-build-687d3340\Cortex Command.exe
2026-09-10T23:36:51 added Outbound D:\Projects\reviews\recovery-2026-09-07\contract-audit\grouped-build-687d3340\Cortex Command.exe
2026-09-10T23:36:51 added Inbound D:\Projects\reviews\recovery-2026-09-07\contract-audit\grouped-build-68b50ab1\Cortex Command.exe
2026-09-10T23:36:51 added Outbound D:\Projects\reviews\recovery-2026-09-07\contract-audit\grouped-build-68b50ab1\Cortex Command.exe
2026-09-10T23:36:51 added Inbound D:\Projects\reviews\recovery-2026-09-07\contract-audit\grouped-build-6b5ae9a2\Cortex Command.exe
2026-09-10T23:36:52 added Outbound D:\Projects\reviews\recovery-2026-09-07\contract-audit\grouped-build-6b5ae9a2\Cortex Command.exe
2026-09-10T23:36:52 added Inbound D:\Projects\reviews\recovery-2026-09-07\contract-audit\grouped-build-77d9c536\Cortex Command.exe
2026-09-10T23:36:52 added Outbound D:\Projects\reviews\recovery-2026-09-07\contract-audit\grouped-build-77d9c536\Cortex Command.exe
2026-09-10T23:36:52 added Inbound D:\Projects\reviews\recovery-2026-09-07\contract-audit\grouped-build-86f70b11\Cortex Command.exe
2026-09-10T23:36:52 added Outbound D:\Projects\reviews\recovery-2026-09-07\contract-audit\grouped-build-86f70b11\Cortex Command.exe
2026-09-10T23:36:52 added Inbound D:\Projects\reviews\recovery-2026-09-07\contract-audit\grouped-build-898af6a3\Cortex Command.exe
2026-09-10T23:36:52 added Outbound D:\Projects\reviews\recovery-2026-09-07\contract-audit\grouped-build-898af6a3\Cortex Command.exe
2026-09-10T23:36:52 added Inbound D:\Projects\reviews\recovery-2026-09-07\contract-audit\grouped-build-8aef3d23\Cortex Command.exe
2026-09-10T23:36:52 added Outbound D:\Projects\reviews\recovery-2026-09-07\contract-audit\grouped-build-8aef3d23\Cortex Command.exe
2026-09-10T23:36:52 added Inbound D:\Projects\reviews\recovery-2026-09-07\contract-audit\grouped-build-ab27cf61\Cortex Command.exe
2026-09-10T23:36:52 added Outbound D:\Projects\reviews\recovery-2026-09-07\contract-audit\grouped-build-ab27cf61\Cortex Command.exe
2026-09-10T23:36:52 added Inbound D:\Projects\reviews\recovery-2026-09-07\contract-audit\grouped-build-b97575e3\Cortex Command.exe
2026-09-10T23:36:52 added Outbound D:\Projects\reviews\recovery-2026-09-07\contract-audit\grouped-build-b97575e3\Cortex Command.exe
2026-09-10T23:36:52 added Inbound D:\Projects\reviews\recovery-2026-09-07\contract-audit\grouped-build-bb3cf264\Cortex Command.exe
2026-09-10T23:36:52 added Outbound D:\Projects\reviews\recovery-2026-09-07\contract-audit\grouped-build-bb3cf264\Cortex Command.exe
2026-09-10T23:36:52 added Inbound D:\Projects\reviews\recovery-2026-09-07\contract-audit\grouped-build-bd9da823\Cortex Command.exe
2026-09-10T23:36:52 added Outbound D:\Projects\reviews\recovery-2026-09-07\contract-audit\grouped-build-bd9da823\Cortex Command.exe
2026-09-10T23:36:52 added Inbound D:\Projects\reviews\recovery-2026-09-07\contract-audit\grouped-build-e1d36d8a\Cortex Command.exe
2026-09-10T23:36:52 added Outbound D:\Projects\reviews\recovery-2026-09-07\contract-audit\grouped-build-e1d36d8a\Cortex Command.exe
2026-09-10T23:36:52 added Inbound D:\Projects\reviews\recovery-2026-09-07\contract-audit\grouped-build-e28bce73\Cortex Command.exe
2026-09-10T23:36:52 added Outbound D:\Projects\reviews\recovery-2026-09-07\contract-audit\grouped-build-e28bce73\Cortex Command.exe
2026-09-10T23:36:52 added Inbound D:\Projects\reviews\recovery-2026-09-07\contract-audit\grouped-build-e5af9cf7\Cortex Command.exe
2026-09-10T23:36:52 added Outbound D:\Projects\reviews\recovery-2026-09-07\contract-audit\grouped-build-e5af9cf7\Cortex Command.exe
2026-09-10T23:36:52 added Inbound D:\Projects\reviews\recovery-2026-09-07\contract-audit\grouped-build-eaf42d48\Cortex Command.exe
2026-09-10T23:36:52 added Outbound D:\Projects\reviews\recovery-2026-09-07\contract-audit\grouped-build-eaf42d48\Cortex Command.exe
2026-09-10T23:36:52 added Inbound D:\Projects\reviews\recovery-2026-09-07\contract-audit\grouped-build-ec9db6d0\Cortex Command.exe
2026-09-10T23:36:53 added Outbound D:\Projects\reviews\recovery-2026-09-07\contract-audit\grouped-build-ec9db6d0\Cortex Command.exe
2026-09-10T23:36:53 added Inbound D:\Projects\reviews\recovery-2026-09-07\contract-audit\grouped-build-f15fcba3\Cortex Command.exe
2026-09-10T23:36:53 added Outbound D:\Projects\reviews\recovery-2026-09-07\contract-audit\grouped-build-f15fcba3\Cortex Command.exe
2026-09-10T23:36:53 added Inbound D:\Projects\reviews\recovery-2026-09-07\contract-audit\grouped-build-f29f69bc\Cortex Command.exe
2026-09-10T23:36:53 added Outbound D:\Projects\reviews\recovery-2026-09-07\contract-audit\grouped-build-f29f69bc\Cortex Command.exe
2026-09-10T23:36:53 added Inbound D:\Projects\reviews\recovery-2026-09-07\contract-audit\grouped-build-f951494d\Cortex Command.exe
2026-09-10T23:36:53 added Outbound D:\Projects\reviews\recovery-2026-09-07\contract-audit\grouped-build-f951494d\Cortex Command.exe
2026-09-10T23:36:53 added Inbound D:\Projects\reviews\testing-audit-2026-09-06\runtimes\diagnostic\Cortex Command.exe
2026-09-10T23:36:53 added Outbound D:\Projects\reviews\testing-audit-2026-09-06\runtimes\diagnostic\Cortex Command.exe
2026-09-10T23:36:53 added Inbound D:\Projects\reviews\testing-audit-2026-09-06\runtimes\historical-validation\Cortex Command.exe
2026-09-10T23:36:53 added Outbound D:\Projects\reviews\testing-audit-2026-09-06\runtimes\historical-validation\Cortex Command.exe
2026-09-10T23:36:53 added Inbound D:\Projects\reviews\testing-audit-2026-09-06\runtimes\launcher-tests\Cortex Command.exe
2026-09-10T23:36:53 added Outbound D:\Projects\reviews\testing-audit-2026-09-06\runtimes\launcher-tests\Cortex Command.exe
2026-09-10T23:36:53 added Outbound D:\Projects\reviews\testing-audit-2026-09-06\runtimes\original\Cortex Command.exe
2026-09-10T23:36:54 added Inbound D:\Projects\reviews\recovery-2026-09-06\starting-state-212834Z\audit\runtimes\original\Cortex Command.exe
2026-09-10T23:36:54 added Outbound D:\Projects\reviews\recovery-2026-09-06\starting-state-212834Z\audit\runtimes\original\Cortex Command.exe
2026-09-10T23:36:54 added Inbound D:\Projects\reviews\takeover-20260909\a7-repaired-driver\test-evidence\068643ee12e8\pin-model\repository\Cortex Command.exe
2026-09-10T23:36:54 added Outbound D:\Projects\reviews\takeover-20260909\a7-repaired-driver\test-evidence\068643ee12e8\pin-model\repository\Cortex Command.exe
2026-09-10T23:36:54 added Inbound D:\Projects\reviews\takeover-20260909\a7-repaired-driver\test-evidence\3a110fd55efb\pin-model\repository\Cortex Command.exe
2026-09-10T23:36:54 added Outbound D:\Projects\reviews\takeover-20260909\a7-repaired-driver\test-evidence\3a110fd55efb\pin-model\repository\Cortex Command.exe
2026-09-10T23:36:54 added Inbound D:\Projects\reviews\takeover-20260909\a7-repaired-driver\test-evidence\4aa34d59a348\pin-model\repository\Cortex Command.exe
2026-09-10T23:36:54 added Outbound D:\Projects\reviews\takeover-20260909\a7-repaired-driver\test-evidence\4aa34d59a348\pin-model\repository\Cortex Command.exe
2026-09-10T23:36:54 added Inbound D:\Projects\reviews\takeover-20260909\a7-repaired-driver\test-evidence\57e9764e3c3d\pin-model\repository\Cortex Command.exe
2026-09-10T23:36:54 added Outbound D:\Projects\reviews\takeover-20260909\a7-repaired-driver\test-evidence\57e9764e3c3d\pin-model\repository\Cortex Command.exe
2026-09-10T23:36:54 added Inbound D:\Projects\reviews\takeover-20260909\a7-repaired-driver\test-evidence\6fa5caed5cba\pin-model\repository\Cortex Command.exe
2026-09-10T23:36:54 added Outbound D:\Projects\reviews\takeover-20260909\a7-repaired-driver\test-evidence\6fa5caed5cba\pin-model\repository\Cortex Command.exe
2026-09-10T23:36:54 added Inbound D:\Projects\reviews\takeover-20260909\a7-repaired-driver\test-evidence\73837f3a919d\pin-model\repository\Cortex Command.exe
2026-09-10T23:36:54 added Outbound D:\Projects\reviews\takeover-20260909\a7-repaired-driver\test-evidence\73837f3a919d\pin-model\repository\Cortex Command.exe
2026-09-10T23:36:54 added Inbound D:\Projects\reviews\takeover-20260909\a7-repaired-driver\test-evidence\9f26191a77e9\pin-model\repository\Cortex Command.exe
2026-09-10T23:36:55 added Outbound D:\Projects\reviews\takeover-20260909\a7-repaired-driver\test-evidence\9f26191a77e9\pin-model\repository\Cortex Command.exe
2026-09-10T23:36:55 added Inbound D:\Projects\reviews\takeover-20260909\a7-repaired-driver\test-evidence\b52ad450a748\pin-model\repository\Cortex Command.exe
2026-09-10T23:36:55 added Outbound D:\Projects\reviews\takeover-20260909\a7-repaired-driver\test-evidence\b52ad450a748\pin-model\repository\Cortex Command.exe
2026-09-10T23:36:55 added Inbound D:\Projects\reviews\takeover-20260909\a7-repaired-driver\test-evidence\b98a8f409252\pin-model\repository\Cortex Command.exe
2026-09-10T23:36:55 added Outbound D:\Projects\reviews\takeover-20260909\a7-repaired-driver\test-evidence\b98a8f409252\pin-model\repository\Cortex Command.exe
2026-09-10T23:36:55 added Inbound D:\Projects\reviews\takeover-20260909\a7-repaired-driver\test-evidence\bfe49bde2bde\pin-model\repository\Cortex Command.exe
2026-09-10T23:36:55 added Outbound D:\Projects\reviews\takeover-20260909\a7-repaired-driver\test-evidence\bfe49bde2bde\pin-model\repository\Cortex Command.exe
2026-09-10T23:36:55 added Inbound D:\Projects\reviews\takeover-20260909\a7-repaired-driver\test-evidence\fb14617009f4\pin-model\repository\Cortex Command.exe
2026-09-10T23:36:55 added Outbound D:\Projects\reviews\takeover-20260909\a7-repaired-driver\test-evidence\fb14617009f4\pin-model\repository\Cortex Command.exe
2026-09-10T23:36:55 added Inbound D:\Projects\reviews\takeover-20260909\a7-instrumentation\pure-test-work\076c5378f38e\test-evidence\ee750909cf56\pin-model\repository\Cortex Command.exe
2026-09-10T23:36:55 added Outbound D:\Projects\reviews\takeover-20260909\a7-instrumentation\pure-test-work\076c5378f38e\test-evidence\ee750909cf56\pin-model\repository\Cortex Command.exe
2026-09-10T23:36:55 added Inbound D:\Projects\reviews\takeover-20260909\a7-instrumentation\pure-test-work\eb723843a4f5\test-evidence\3119e200193f\pin-model\repository\Cortex Command.exe
2026-09-10T23:36:55 added Outbound D:\Projects\reviews\takeover-20260909\a7-instrumentation\pure-test-work\eb723843a4f5\test-evidence\3119e200193f\pin-model\repository\Cortex Command.exe
2026-09-10T23:36:55 added Inbound D:\Projects\reviews\takeover-20260909\a7-instrumentation\pure-test-work\ee45587d5477\test-evidence\f791cd0adc19\pin-model\repository\Cortex Command.exe
2026-09-10T23:36:56 added Outbound D:\Projects\reviews\takeover-20260909\a7-instrumentation\pure-test-work\ee45587d5477\test-evidence\f791cd0adc19\pin-model\repository\Cortex Command.exe
2026-09-10T23:36:56 added Inbound D:\mx\watch\nodll\Cortex Command.exe
2026-09-10T23:36:56 added Outbound D:\mx\watch\nodll\Cortex Command.exe
2026-09-10T23:36:59 sweep done added=155
2026-09-10T23:37:29 sweep done added=0
2026-09-10T23:38:06 sweep done added=0
2026-09-10T23:39:32 sweep done added=0
2026-09-10T23:39:38 sweep done added=0
2026-09-10T23:44:16 sweep done added=0
2026-09-10T23:49:18 sweep done added=0
